/workspace/src/scripts/partition_model/simulate_pruning.py:354: FutureWarning: You are using `torch.load` with `weights_only=False` (the current default value), which uses the default pickle module implicitly. It is possible to construct malicious pickle data which will execute arbitrary code during unpickling (See https://github.com/pytorch/pytorch/blob/main/SECURITY.md#untrusted-models for more details). In a future release, the default value for `weights_only` will be flipped to `True`. This limits the functions that could be executed during unpickling. Arbitrary objects will no longer be allowed to be loaded via this mode unless they are explicitly allowlisted by the user via `torch.serialization.add_safe_globals`. We recommend you start setting `weights_only=True` for any use case where you don't have full control of the loaded file. Please open an issue on GitHub for any issues related to this experimental feature.
  bundle = torch.load(args.students, map_location=device)
scored with: STUDENT results/models/student_h9a/students.pt (feature_set=h9a)
superblocks: 115021, nodes: 5722855 (val seqs ['HoneyBee', 'FlowerPan', 'Lips'])

per-size classification (Gate 3a): macro-F1 | SPLIT-recall
  64px  macroF1=0.573  SPLITrecall=0.976
  32px  macroF1=0.687  SPLITrecall=0.819
  16px  macroF1=0.600  SPLITrecall=0.134
tau_none tau_split tau_rest | node_red% cost_red% | none_wrong% splitLost% rectLost% | rectOffCov% rectOffWrong%
            0.60           0.70          -1.00 |   42.11    65.84 |  14.65   2.56  19.76 |   0.00   0.00  
            0.60           0.70           0.10 |   42.11    68.38 |  14.65   2.56  19.76 |   0.97   3.75  
            0.60           0.70           0.20 |   42.11    70.36 |  14.65   2.56  19.76 |   1.90  11.21  
            0.60           0.70           0.30 |   42.11    73.89 |  14.65   2.56  19.76 |   4.56  19.97  
            0.60           0.90          -1.00 |   42.11    55.72 |  14.65   2.56  19.76 |   0.00   0.00  
            0.60           0.90           0.10 |   42.11    62.54 |  14.65   2.56  19.76 |   2.28   4.50  
            0.60           0.90           0.20 |   42.11    68.36 |  14.65   2.56  19.76 |   5.71   9.78  
            0.60           0.90           0.30 |   42.11    72.77 |  14.65   2.56  19.76 |   9.10  15.11  
            0.70           0.70          -1.00 |   36.66    62.00 |  10.72   1.88  13.80 |   0.00   0.00  
            0.70           0.70           0.10 |   36.66    65.02 |  10.72   1.88  13.80 |   1.21   4.10  
            0.70           0.70           0.20 |   36.66    67.25 |  10.72   1.88  13.80 |   2.34  10.98  
            0.70           0.70           0.30 |   36.66    71.40 |  10.72   1.88  13.80 |   5.83  20.34  
            0.70           0.90          -1.00 |   36.66    51.88 |  10.72   1.88  13.80 |   0.00   0.00  
            0.70           0.90           0.10 |   36.66    59.17 |  10.72   1.88  13.80 |   2.46   4.59  
            0.70           0.90           0.20 |   36.66    65.25 |  10.72   1.88  13.80 |   5.97   9.81  
            0.70           0.90           0.30 |   36.66    70.28 |  10.72   1.88  13.80 |  10.17  16.03  
            0.80           0.70          -1.00 |   29.97    57.71 |   7.29   1.23   8.44 |   0.00   0.00  
            0.80           0.70           0.10 |   29.97    61.18 |   7.29   1.23   8.44 |   1.55   4.60  
            0.80           0.70           0.20 |   29.97    64.11 |   7.29   1.23   8.44 |   3.83  11.97  
            0.80           0.70           0.30 |   29.97    70.63 |   7.29   1.23   8.44 |  13.25  21.27  
            0.80           0.90          -1.00 |   29.97    47.58 |   7.29   1.23   8.44 |   0.00   0.00  
            0.80           0.90           0.10 |   29.97    55.34 |   7.29   1.23   8.44 |   2.76   4.80  
            0.80           0.90           0.20 |   29.97    62.10 |   7.29   1.23   8.44 |   7.33  10.58  
            0.80           0.90           0.30 |   29.97    69.50 |   7.29   1.23   8.44 |  17.42  18.62  
            0.85           0.70          -1.00 |   25.51    54.99 |   5.53   0.86   5.78 |   0.00   0.00  
            0.85           0.70           0.10 |   25.51    58.82 |   5.53   0.86   5.78 |   1.87   5.07  
            0.85           0.70           0.20 |   25.51    63.58 |   5.53   0.86   5.78 |   8.94  14.06  
            0.85           0.70           0.30 |   25.51    70.12 |   5.53   0.86   5.78 |  18.22  19.65  
            0.85           0.90          -1.00 |   25.51    44.85 |   5.53   0.86   5.78 |   0.00   0.00  
            0.85           0.90           0.10 |   25.51    52.98 |   5.53   0.86   5.78 |   3.06   5.07  
            0.85           0.90           0.20 |   25.51    61.57 |   5.53   0.86   5.78 |  12.37  12.67  
            0.85           0.90           0.30 |   25.51    68.99 |   5.53   0.86   5.78 |  22.31  17.92  
            0.90           0.70          -1.00 |   20.11    51.73 |   3.60   0.48   3.19 |   0.00   0.00  
            0.90           0.70           0.10 |   20.11    56.34 |   3.60   0.48   3.19 |   3.07   6.76  
            0.90           0.70           0.20 |   20.11    62.95 |   3.60   0.48   3.19 |  15.27  13.15  
            0.90           0.70           0.30 |   20.11    69.50 |   3.60   0.48   3.19 |  24.44  17.60  
            0.90           0.90          -1.00 |   20.11    41.58 |   3.60   0.48   3.19 |   0.00   0.00  
            0.90           0.90           0.10 |   20.11    50.50 |   3.60   0.48   3.19 |   4.26   6.30  
            0.90           0.90           0.20 |   20.11    60.94 |   3.60   0.48   3.19 |  18.66  12.41  
            0.90           0.90           0.30 |   20.11    68.37 |   3.60   0.48   3.19 |  28.47  16.56  
            0.95           0.70          -1.00 |   13.99    47.31 |   1.75   0.19   1.19 |   0.00   0.00  
            0.95           0.70           0.10 |   13.99    55.54 |   1.75   0.19   1.19 |  11.02   7.17  
            0.95           0.70           0.20 |   13.99    62.21 |   1.75   0.19   1.19 |  23.10  11.15  
            0.95           0.70           0.30 |   13.99    68.78 |   1.75   0.19   1.19 |  32.11  15.04  
            0.95           0.90          -1.00 |   13.99    37.11 |   1.75   0.19   1.19 |   0.00   0.00  
            0.95           0.90           0.10 |   13.99    49.69 |   1.75   0.19   1.19 |  12.23   6.97  
            0.95           0.90           0.20 |   13.99    60.19 |   1.75   0.19   1.19 |  26.46  10.88  
            0.95           0.90           0.30 |   13.99    67.65 |   1.75   0.19   1.19 |  36.10  14.50  

cost_red% at matched risk (split-lost cap):
  cap%   cost_red%
  0.5      69.50
  1.0      70.12
  2.0      71.40
wrote results/models/student_h9a/oracle_sim_student.csv
scored with: VARIANCE-BASELINE v0=1000.0
superblocks: 115021, nodes: 5722855 (val seqs ['HoneyBee', 'FlowerPan', 'Lips'])

per-size classification (Gate 3a): macro-F1 | SPLIT-recall
  64px  macroF1=0.272  SPLITrecall=0.241
  32px  macroF1=0.280  SPLITrecall=0.160
  16px  macroF1=0.297  SPLITrecall=0.076
tau_none tau_split tau_rest | node_red% cost_red% | none_wrong% splitLost% rectLost% | rectOffCov% rectOffWrong%
            0.60           0.70          -1.00 |   88.15    87.58 |  58.18  57.97  53.37 |   0.00   0.00  
            0.60           0.70           0.10 |   88.15    94.94 |  58.18  57.97  53.37 |  24.85  41.66  
            0.60           0.70           0.20 |   88.15    94.94 |  58.18  57.97  53.37 |  24.85  41.66  
            0.60           0.70           0.30 |   88.15    94.94 |  58.18  57.97  53.37 |  24.85  41.66  
            0.60           0.90          -1.00 |   88.15    83.33 |  58.18  57.97  53.37 |   0.00   0.00  
            0.60           0.90           0.10 |   88.15    94.47 |  58.18  57.97  53.37 |  35.96  40.56  
            0.60           0.90           0.20 |   88.15    94.47 |  58.18  57.97  53.37 |  35.96  40.56  
            0.60           0.90           0.30 |   88.15    94.47 |  58.18  57.97  53.37 |  35.96  40.56  
            0.70           0.70          -1.00 |   84.56    83.63 |  52.49  50.91  46.36 |   0.00   0.00  
            0.70           0.70           0.10 |   84.56    94.39 |  52.49  50.91  46.36 |  32.04  42.63  
            0.70           0.70           0.20 |   84.56    94.39 |  52.49  50.91  46.36 |  32.04  42.63  
            0.70           0.70           0.30 |   84.56    94.39 |  52.49  50.91  46.36 |  32.04  42.63  
            0.70           0.90          -1.00 |   84.56    79.36 |  52.49  50.91  46.36 |   0.00   0.00  
            0.70           0.90           0.10 |   84.56    93.91 |  52.49  50.91  46.36 |  41.39  41.72  
            0.70           0.90           0.20 |   84.56    93.91 |  52.49  50.91  46.36 |  41.39  41.72  
            0.70           0.90           0.30 |   84.56    93.91 |  52.49  50.91  46.36 |  41.39  41.72  
            0.80           0.70          -1.00 |   79.56    78.15 |  45.59  43.32  38.60 |   0.00   0.00  
            0.80           0.70           0.10 |   79.56    93.63 |  45.59  43.32  38.60 |  39.66  42.18  
            0.80           0.70           0.20 |   79.56    93.63 |  45.59  43.32  38.60 |  39.66  42.18  
            0.80           0.70           0.30 |   79.56    93.63 |  45.59  43.32  38.60 |  39.66  42.18  
            0.80           0.90          -1.00 |   79.56    73.87 |  45.59  43.32  38.60 |   0.00   0.00  
            0.80           0.90           0.10 |   79.56    93.15 |  45.59  43.32  38.60 |  47.28  41.64  
            0.80           0.90           0.20 |   79.56    93.15 |  45.59  43.32  38.60 |  47.28  41.64  
            0.80           0.90           0.30 |   79.56    93.15 |  45.59  43.32  38.60 |  47.28  41.64  
            0.85           0.70          -1.00 |   75.64    73.56 |  41.20  38.69  34.62 |   0.00   0.00  
            0.85           0.70           0.10 |   75.64    93.02 |  41.20  38.69  34.62 |  43.96  41.08  
            0.85           0.70           0.20 |   75.64    93.02 |  41.20  38.69  34.62 |  43.96  41.08  
            0.85           0.70           0.30 |   75.64    93.02 |  41.20  38.69  34.62 |  43.96  41.08  
            0.85           0.90          -1.00 |   75.64    69.28 |  41.20  38.69  34.62 |   0.00   0.00  
            0.85           0.90           0.10 |   75.64    92.55 |  41.20  38.69  34.62 |  50.55  40.79  
            0.85           0.90           0.20 |   75.64    92.55 |  41.20  38.69  34.62 |  50.55  40.79  
            0.85           0.90           0.30 |   75.64    92.55 |  41.20  38.69  34.62 |  50.55  40.79  
            0.90           0.70          -1.00 |   68.55    65.24 |  35.65  31.70  30.51 |   0.00   0.00  
            0.90           0.70           0.10 |   68.55    91.93 |  35.65  31.70  30.51 |  49.55  38.95  
            0.90           0.70           0.20 |   68.55    91.93 |  35.65  31.70  30.51 |  49.55  38.95  
            0.90           0.70           0.30 |   68.55    91.93 |  35.65  31.70  30.51 |  49.55  38.95  
            0.90           0.90          -1.00 |   68.55    60.96 |  35.65  31.70  30.51 |   0.00   0.00  
            0.90           0.90           0.10 |   68.55    91.46 |  35.65  31.70  30.51 |  54.81  38.94  
            0.90           0.90           0.20 |   68.55    91.46 |  35.65  31.70  30.51 |  54.81  38.94  
            0.90           0.90           0.30 |   68.55    91.46 |  35.65  31.70  30.51 |  54.81  38.94  
            0.95           0.70          -1.00 |   53.98    50.93 |  27.91  22.60  20.19 |   0.00   0.00  
            0.95           0.70           0.10 |   53.98    89.96 |  27.91  22.60  20.19 |  60.97  35.19  
            0.95           0.70           0.20 |   53.98    89.96 |  27.91  22.60  20.19 |  60.97  35.19  
            0.95           0.70           0.30 |   53.98    89.96 |  27.91  22.60  20.19 |  60.97  35.19  
            0.95           0.90          -1.00 |   53.98    46.65 |  27.91  22.60  20.19 |   0.00   0.00  
            0.95           0.90           0.10 |   53.98    89.48 |  27.91  22.60  20.19 |  64.89  35.42  
            0.95           0.90           0.20 |   53.98    89.48 |  27.91  22.60  20.19 |  64.89  35.42  
            0.95           0.90           0.30 |   53.98    89.48 |  27.91  22.60  20.19 |  64.89  35.42  

cost_red% at matched risk (split-lost cap):
  cap%   cost_red%
  0.5       0.00
  1.0       0.00
  2.0       0.00
wrote results/models/student_h9a/oracle_sim_var.csv
/workspace/src/scripts/partition_model/simulate_pruning.py:354: FutureWarning: You are using `torch.load` with `weights_only=False` (the current default value), which uses the default pickle module implicitly. It is possible to construct malicious pickle data which will execute arbitrary code during unpickling (See https://github.com/pytorch/pytorch/blob/main/SECURITY.md#untrusted-models for more details). In a future release, the default value for `weights_only` will be flipped to `True`. This limits the functions that could be executed during unpickling. Arbitrary objects will no longer be allowed to be loaded via this mode unless they are explicitly allowlisted by the user via `torch.serialization.add_safe_globals`. We recommend you start setting `weights_only=True` for any use case where you don't have full control of the loaded file. Please open an issue on GitHub for any issues related to this experimental feature.
  bundle = torch.load(args.students, map_location=device)
scored with: STUDENT results/models/student_real/students.pt (feature_set=pixels24)
superblocks: 115021, nodes: 5722855 (val seqs ['HoneyBee', 'FlowerPan', 'Lips'])

per-size classification (Gate 3a): macro-F1 | SPLIT-recall
  64px  macroF1=0.602  SPLITrecall=0.727
  32px  macroF1=0.637  SPLITrecall=0.524
  16px  macroF1=0.581  SPLITrecall=0.132
tau_none tau_split tau_rest | node_red% cost_red% | none_wrong% splitLost% rectLost% | rectOffCov% rectOffWrong%
            0.60           0.70          -1.00 |   24.15    42.41 |   6.67   2.74   4.64 |   0.00   0.00  
            0.60           0.70           0.10 |   24.15    43.08 |   6.67   2.74   4.64 |   0.16   2.22  
            0.60           0.70           0.20 |   24.15    43.97 |   6.67   2.74   4.64 |   0.46   3.88  
            0.60           0.70           0.30 |   24.15    46.28 |   6.67   2.74   4.64 |   1.55   5.82  
            0.60           0.90          -1.00 |   24.15    32.61 |   6.67   2.74   4.64 |   0.00   0.00  
            0.60           0.90           0.10 |   24.15    33.75 |   6.67   2.74   4.64 |   0.30   1.54  
            0.60           0.90           0.20 |   24.15    40.33 |   6.67   2.74   4.64 |   2.51   1.53  
            0.60           0.90           0.30 |   24.15    45.19 |   6.67   2.74   4.64 |   4.74   2.54  
            0.70           0.70          -1.00 |   16.58    35.21 |   3.70   1.67   1.91 |   0.00   0.00  
            0.70           0.70           0.10 |   16.58    37.80 |   3.70   1.67   1.91 |   0.67   1.15  
            0.70           0.70           0.20 |   16.58    39.25 |   3.70   1.67   1.91 |   1.29   2.49  
            0.70           0.70           0.30 |   16.58    42.55 |   3.70   1.67   1.91 |   4.33   5.80  
            0.70           0.90          -1.00 |   16.58    25.34 |   3.70   1.67   1.91 |   0.00   0.00  
            0.70           0.90           0.10 |   16.58    28.46 |   3.70   1.67   1.91 |   0.85   1.05  
            0.70           0.90           0.20 |   16.58    35.60 |   3.70   1.67   1.91 |   3.27   1.58  
            0.70           0.90           0.30 |   16.58    41.45 |   3.70   1.67   1.91 |   7.39   3.79  
            0.80           0.70          -1.00 |    9.29    26.51 |   1.39   0.33   0.61 |   0.00   0.00  
            0.80           0.70           0.10 |    9.29    32.39 |   1.39   0.33   0.61 |   1.45   0.81  
            0.80           0.70           0.20 |    9.29    35.04 |   1.39   0.33   0.61 |   3.97   1.98  
            0.80           0.70           0.30 |    9.29    41.22 |   1.39   0.33   0.61 |  14.42   4.68  
            0.80           0.90          -1.00 |    9.29    16.49 |   1.39   0.33   0.61 |   0.00   0.00  
            0.80           0.90           0.10 |    9.29    23.02 |   1.39   0.33   0.61 |   1.73   0.77  
            0.80           0.90           0.20 |    9.29    31.37 |   1.39   0.33   0.61 |   5.97   1.65  
            0.80           0.90           0.30 |    9.29    40.10 |   1.39   0.33   0.61 |  17.42   4.03  
            0.85           0.70          -1.00 |    6.26    23.45 |   0.93   0.17   0.27 |   0.00   0.00  
            0.85           0.70           0.10 |    6.26    29.85 |   0.93   0.17   0.27 |   1.67   0.71  
            0.85           0.70           0.20 |    6.26    34.45 |   0.93   0.17   0.27 |   9.32   1.86  
            0.85           0.70           0.30 |    6.26    40.77 |   0.93   0.17   0.27 |  19.92   3.90  
            0.85           0.90          -1.00 |    6.26    13.41 |   0.93   0.17   0.27 |   0.00   0.00  
            0.85           0.90           0.10 |    6.26    20.48 |   0.93   0.17   0.27 |   1.95   0.69  
            0.85           0.90           0.20 |    6.26    30.79 |   0.93   0.17   0.27 |  11.29   1.71  
            0.85           0.90           0.30 |    6.26    39.65 |   0.93   0.17   0.27 |  22.89   3.52  
            0.90           0.70          -1.00 |    3.66    20.68 |   0.61   0.10   0.07 |   0.00   0.00  
            0.90           0.70           0.10 |    3.66    27.81 |   0.61   0.10   0.07 |   2.73   0.68  
            0.90           0.70           0.20 |    3.66    33.98 |   0.61   0.10   0.07 |  14.54   1.59  
            0.90           0.70           0.30 |    3.66    40.38 |   0.61   0.10   0.07 |  25.22   3.33  
            0.90           0.90          -1.00 |    3.66    10.64 |   0.61   0.10   0.07 |   0.00   0.00  
            0.90           0.90           0.10 |    3.66    18.44 |   0.61   0.10   0.07 |   3.01   0.70  
            0.90           0.90           0.20 |    3.66    30.32 |   0.61   0.10   0.07 |  16.50   1.53  
            0.90           0.90           0.30 |    3.66    39.26 |   0.61   0.10   0.07 |  28.17   3.08  
            0.95           0.70          -1.00 |    1.66    18.07 |   0.09   0.00   0.01 |   0.00   0.00  
            0.95           0.70           0.10 |    1.66    27.29 |   0.09   0.00   0.01 |   7.01   0.52  
            0.95           0.70           0.20 |    1.66    33.54 |   0.09   0.00   0.01 |  18.90   1.33  
            0.95           0.70           0.30 |    1.66    40.00 |   0.09   0.00   0.01 |  29.64   2.91  
            0.95           0.90          -1.00 |    1.66     8.03 |   0.09   0.00   0.01 |   0.00   0.00  
            0.95           0.90           0.10 |    1.66    17.91 |   0.09   0.00   0.01 |   7.29   0.55  
            0.95           0.90           0.20 |    1.66    29.87 |   0.09   0.00   0.01 |  20.86   1.31  
            0.95           0.90           0.30 |    1.66    38.88 |   0.09   0.00   0.01 |  32.57   2.74  

cost_red% at matched risk (split-lost cap):
  cap%   cost_red%
  0.5      41.22
  1.0      41.22
  2.0      42.55
wrote results/models/student_h9a/oracle_sim_pixels.csv
