[1/387] Building C object CMakeFiles/aom_common_app_util.dir/common/md5_utils.c.o
[2/387] Building C object CMakeFiles/aom_common_app_util.dir/common/args_helper.c.o
[3/387] Building C object CMakeFiles/aom_common_app_util.dir/common/y4menc.c.o
[4/387] Building C object CMakeFiles/aom_common_app_util.dir/common/rawenc.c.o
[5/387] Building C object CMakeFiles/aom_encoder_app_util.dir/common/video_writer.c.o
[6/387] Building C object CMakeFiles/aom_encoder_app_util.dir/common/ivfenc.c.o
[7/387] Building C object CMakeFiles/aom_common_app_util.dir/common/ivfdec.c.o
[8/387] Building C object CMakeFiles/aom_common_app_util.dir/common/av1_config.c.o
[9/387] Building C object CMakeFiles/aom_common_app_util.dir/av1/arg_defs.c.o
[10/387] Building C object CMakeFiles/aom_encoder_app_util.dir/common/warnings.c.o
[11/387] Building C object CMakeFiles/aom_common_app_util.dir/common/args.c.o
[12/387] Building C object CMakeFiles/aom_encoder_app_util.dir/examples/encoder_util.c.o
[13/387] Building C object CMakeFiles/aom_common_app_util.dir/common/tools_common.c.o
[14/387] Building CXX object CMakeFiles/yuv.dir/third_party/libyuv/source/cpu_id.cc.o
[15/387] Building CXX object CMakeFiles/yuv.dir/third_party/libyuv/source/row_mips.cc.o
[16/387] Building CXX object CMakeFiles/yuv.dir/third_party/libyuv/source/row_neon.cc.o
[17/387] Building CXX object CMakeFiles/yuv.dir/third_party/libyuv/source/row_gcc.cc.o
[18/387] Building C object CMakeFiles/aom_encoder_app_util.dir/common/y4minput.c.o
[19/387] Building CXX object CMakeFiles/yuv.dir/third_party/libyuv/source/row_neon64.cc.o
[20/387] Building CXX object CMakeFiles/yuv.dir/third_party/libyuv/source/row_win.cc.o
[21/387] Building CXX object CMakeFiles/yuv.dir/third_party/libyuv/source/scale_any.cc.o
[22/387] Building CXX object CMakeFiles/yuv.dir/third_party/libyuv/source/convert_argb.cc.o
[23/387] Building CXX object CMakeFiles/yuv.dir/third_party/libyuv/source/scale_mips.cc.o
[24/387] Building CXX object CMakeFiles/yuv.dir/third_party/libyuv/source/planar_functions.cc.o
[25/387] Building CXX object CMakeFiles/yuv.dir/third_party/libyuv/source/scale_gcc.cc.o
[26/387] Building CXX object CMakeFiles/yuv.dir/third_party/libyuv/source/scale_neon.cc.o
[27/387] Building CXX object CMakeFiles/yuv.dir/third_party/libyuv/source/scale_neon64.cc.o
[28/387] Building CXX object CMakeFiles/yuv.dir/third_party/libyuv/source/scale_win.cc.o
[29/387] Building CXX object CMakeFiles/yuv.dir/third_party/libyuv/source/scale.cc.o
[30/387] Updating version info if necessary.
[31/387] Writing aom_version.h
[32/387] Building C object CMakeFiles/aom_version.dir/gen_src/aom_version_no_op.c.o
[33/387] Building CXX object CMakeFiles/yuv.dir/third_party/libyuv/source/row_any.cc.o
[34/387] Building CXX object CMakeFiles/yuv.dir/third_party/libyuv/source/scale_uv.cc.o
[35/387] Linking C static library libaom_version.a
[36/387] Building CXX object CMakeFiles/webm.dir/third_party/libwebm/mkvparser/mkvreader.cc.o
[37/387] Generating /workspace/build/libaom_perf_baseline/config/aom_scale_rtcd.h
[38/387] Generating /workspace/build/libaom_perf_baseline/config/av1_rtcd.h
[39/387] Building CXX object CMakeFiles/aom_encoder_app_util.dir/common/webmenc.cc.o
[40/387] Building CXX object CMakeFiles/webm.dir/third_party/libwebm/mkvmuxer/mkvwriter.cc.o
[41/387] Generating /workspace/build/libaom_perf_baseline/config/aom_dsp_rtcd.h
[42/387] Building C object CMakeFiles/aom_obj.dir/config/aom_config.c.o
[43/387] Building CXX object CMakeFiles/webm.dir/third_party/libwebm/common/hdr_util.cc.o
[44/387] Building CXX object CMakeFiles/webm.dir/third_party/libwebm/mkvmuxer/mkvmuxerutil.cc.o
[45/387] Building C object CMakeFiles/aom_rtcd.dir/aom_scale/aom_scale_rtcd.c.o
[46/387] Building C object CMakeFiles/aom_encoder_stats.dir/stats/rate_hist.c.o
[47/387] Building CXX object CMakeFiles/yuv.dir/third_party/libyuv/source/scale_common.cc.o
[48/387] Building C object CMakeFiles/aom_encoder_stats.dir/stats/aomstats.c.o
[49/387] Building C object CMakeFiles/aom_obj.dir/aom/src/aom_decoder.c.o
[50/387] Building C object CMakeFiles/aom_obj.dir/aom/src/aom_codec.c.o
[51/387] Building C object CMakeFiles/aom_obj.dir/aom/src/aom_integer.c.o
[52/387] Building C object CMakeFiles/aom_dsp_common.dir/aom_dsp/bitreader_buffer.c.o
[53/387] Building C object CMakeFiles/aom_obj.dir/aom/src/aom_image.c.o
[54/387] Building C object CMakeFiles/aom_dsp_common.dir/aom_dsp/bitwriter_buffer.c.o
[55/387] Building C object CMakeFiles/aom_obj.dir/aom/src/aom_encoder.c.o
[56/387] Building C object CMakeFiles/aom_rtcd.dir/av1/common/av1_rtcd.c.o
[57/387] Building C object CMakeFiles/aom_dsp_common.dir/aom_dsp/entcode.c.o
[58/387] Building C object CMakeFiles/aom_dsp.dir/gen_src/aom_av1_no_op.c.o
[59/387] Building C object CMakeFiles/aom_dsp.dir/gen_src/aom_dsp_no_op.c.o
[60/387] Building C object CMakeFiles/aom_dsp_common.dir/aom_dsp/odintrin.c.o
[61/387] Building C object CMakeFiles/aom_dsp_common.dir/aom_dsp/blend_a64_hmask.c.o
[62/387] Building C object CMakeFiles/aom_dsp_common.dir/aom_dsp/aom_convolve.c.o
[63/387] Building C object CMakeFiles/aom_dsp_common.dir/aom_dsp/blend_a64_vmask.c.o
[64/387] Building C object CMakeFiles/aom_dsp_common.dir/aom_dsp/blend_a64_mask.c.o
[65/387] Building C object CMakeFiles/aom_dsp_decoder.dir/aom_dsp/binary_codes_reader.c.o
[66/387] Building C object CMakeFiles/aom_dsp_decoder.dir/aom_dsp/bitreader.c.o
[67/387] Building C object CMakeFiles/aom_rtcd.dir/aom_dsp/aom_dsp_rtcd.c.o
[68/387] Building C object CMakeFiles/aom_dsp_decoder.dir/aom_dsp/entdec.c.o
[69/387] Building CXX object CMakeFiles/webm.dir/third_party/libwebm/mkvparser/mkvparser.cc.o
[70/387] Building CXX object CMakeFiles/webm.dir/third_party/libwebm/mkvmuxer/mkvmuxer.cc.o
[71/387] Building C object CMakeFiles/aom_dsp_encoder.dir/aom_dsp/binary_codes_writer.c.o
[72/387] Building C object CMakeFiles/aom_dsp_encoder.dir/aom_dsp/bitwriter.c.o
[73/387] Building C object CMakeFiles/aom_dsp_encoder.dir/aom_dsp/entenc.c.o
[74/387] Building C object CMakeFiles/aom_dsp_encoder.dir/aom_dsp/grain_table.c.o
[75/387] Building C object CMakeFiles/aom_dsp_encoder.dir/aom_dsp/avg.c.o
[76/387] Building C object CMakeFiles/aom_dsp_common.dir/aom_dsp/loopfilter.c.o
[77/387] Building C object CMakeFiles/aom_dsp_encoder.dir/aom_dsp/blk_sse_sum.c.o
[78/387] Building C object CMakeFiles/aom_dsp_encoder.dir/aom_dsp/fwd_txfm.c.o
[79/387] Building C object CMakeFiles/aom_dsp_encoder.dir/aom_dsp/fft.c.o
[80/387] Building C object CMakeFiles/aom_dsp_encoder.dir/aom_dsp/noise_util.c.o
[81/387] Building C object CMakeFiles/aom_dsp_encoder.dir/aom_dsp/psnr.c.o
[82/387] Building CXX object CMakeFiles/yuv.dir/third_party/libyuv/source/row_common.cc.o
[83/387] Building C object CMakeFiles/aom_dsp_encoder.dir/aom_dsp/quantize.c.o
[84/387] Building C object CMakeFiles/aom_dsp_encoder.dir/aom_dsp/noise_model.c.o
[85/387] Building C object CMakeFiles/aom_dsp_encoder.dir/aom_dsp/sse.c.o
[86/387] Building C object CMakeFiles/aom_dsp_encoder.dir/aom_dsp/subtract.c.o
[87/387] Building C object CMakeFiles/aom_dsp_encoder.dir/aom_dsp/ssim.c.o
[88/387] Building C object CMakeFiles/aom_dsp_encoder.dir/aom_dsp/sum_squares.c.o
[89/387] Building C object CMakeFiles/aom_dsp_encoder.dir/aom_dsp/flow_estimation/corner_detect.c.o
[90/387] Building ASM_NASM object CMakeFiles/aom_dsp_common_sse2.dir/aom_dsp/x86/aom_high_subpixel_8t_sse2.asm.o
[91/387] Building C object CMakeFiles/aom_dsp_encoder.dir/aom_dsp/flow_estimation/flow_estimation.c.o
[92/387] Building ASM_NASM object CMakeFiles/aom_dsp_common_sse2.dir/aom_dsp/x86/aom_high_subpixel_bilinear_sse2.asm.o
[93/387] Building C object CMakeFiles/aom_dsp_encoder.dir/aom_dsp/pyramid.c.o
[94/387] Building ASM_NASM object CMakeFiles/aom_dsp_common_sse2.dir/aom_dsp/x86/highbd_intrapred_asm_sse2.asm.o
[95/387] Building ASM_NASM object CMakeFiles/aom_dsp_common_sse2.dir/aom_dsp/x86/inv_wht_sse2.asm.o
[96/387] Building ASM_NASM object CMakeFiles/aom_dsp_common_sse2.dir/aom_dsp/x86/intrapred_asm_sse2.asm.o
[97/387] Building C object CMakeFiles/aom_dsp_encoder.dir/aom_dsp/flow_estimation/corner_match.c.o
[98/387] Building C object CMakeFiles/aom_dsp_encoder.dir/aom_dsp/flow_estimation/ransac.c.o
[99/387] Building C object CMakeFiles/aom_dsp_encoder.dir/aom_dsp/flow_estimation/disflow.c.o
[100/387] Building C object CMakeFiles/aom_dsp_encoder.dir/aom_dsp/fastssim.c.o
[101/387] Building C object CMakeFiles/aom_dsp_encoder.dir/aom_dsp/psnrhvs.c.o
[102/387] Building C object CMakeFiles/aom_dsp_common_sse2_intrinsics.dir/aom_dsp/x86/highbd_convolve_sse2.c.o
[103/387] Building ASM_NASM object CMakeFiles/aom_dsp_encoder_sse2.dir/aom_dsp/x86/subtract_sse2.asm.o
[104/387] Building C object CMakeFiles/aom_dsp_common_sse2_intrinsics.dir/aom_dsp/x86/highbd_intrapred_sse2.c.o
[105/387] Building C object CMakeFiles/aom_dsp_common_sse2_intrinsics.dir/aom_dsp/x86/intrapred_sse2.c.o
[106/387] Building C object CMakeFiles/aom_dsp_encoder.dir/aom_dsp/sad_av1.c.o
[107/387] Building ASM_NASM object CMakeFiles/aom_dsp_encoder_sse2.dir/aom_dsp/x86/highbd_variance_impl_sse2.asm.o
[108/387] Building ASM_NASM object CMakeFiles/aom_dsp_encoder_sse2.dir/aom_dsp/x86/ssim_sse2_x86_64.asm.o
[109/387] Building ASM_NASM object CMakeFiles/aom_dsp_encoder_sse2.dir/aom_dsp/x86/sad4d_sse2.asm.o
[110/387] Building ASM_NASM object CMakeFiles/aom_dsp_encoder_sse2.dir/aom_dsp/x86/sad_sse2.asm.o
[111/387] Building C object CMakeFiles/aom_dsp_common_sse2_intrinsics.dir/aom_dsp/x86/loopfilter_sse2.c.o
[112/387] Building C object CMakeFiles/aom_dsp_encoder.dir/aom_dsp/sad.c.o
[113/387] Building C object CMakeFiles/aom_dsp_common_sse2_intrinsics.dir/aom_dsp/x86/highbd_loopfilter_sse2.c.o
[114/387] Building C object CMakeFiles/aom_dsp_common_sse2_intrinsics.dir/aom_dsp/x86/aom_convolve_copy_sse2.c.o
[115/387] Building ASM_NASM object CMakeFiles/aom_dsp_encoder_sse2.dir/aom_dsp/x86/highbd_sad_sse2.asm.o
[116/387] Building ASM_NASM object CMakeFiles/aom_dsp_encoder_sse2.dir/aom_dsp/x86/highbd_subpel_variance_impl_sse2.asm.o
[117/387] Building C object CMakeFiles/aom_dsp_encoder_sse2_intrinsics.dir/aom_dsp/x86/quantize_sse2.c.o
[118/387] Building C object CMakeFiles/aom_dsp_encoder_sse2_intrinsics.dir/aom_dsp/x86/fwd_txfm_sse2.c.o
[119/387] Building C object CMakeFiles/aom_dsp_common.dir/aom_dsp/intrapred.c.o
[120/387] Building C object CMakeFiles/aom_dsp_encoder_sse2_intrinsics.dir/aom_dsp/x86/fft_sse2.c.o
[121/387] Building C object CMakeFiles/aom_dsp_encoder_sse2_intrinsics.dir/aom_dsp/x86/blk_sse_sum_sse2.c.o
[122/387] Building C object CMakeFiles/aom_dsp_encoder_sse2_intrinsics.dir/aom_dsp/x86/adaptive_quantize_sse2.c.o
[123/387] Building ASM_NASM object CMakeFiles/aom_dsp_common_ssse3.dir/aom_dsp/x86/aom_subpixel_bilinear_ssse3.asm.o
[124/387] Building ASM_NASM object CMakeFiles/aom_dsp_common_ssse3.dir/aom_dsp/x86/aom_subpixel_8t_ssse3.asm.o
[125/387] Building C object CMakeFiles/aom_dsp_encoder_sse2_intrinsics.dir/aom_dsp/x86/sum_squares_sse2.c.o
[126/387] Building C object CMakeFiles/aom_dsp_encoder_sse2_intrinsics.dir/aom_dsp/x86/jnt_sad_sse2.c.o
[127/387] Building C object CMakeFiles/aom_dsp_encoder_sse2_intrinsics.dir/aom_dsp/x86/highbd_quantize_intrin_sse2.c.o
[128/387] Building C object CMakeFiles/aom_dsp_encoder_sse2_intrinsics.dir/aom_dsp/x86/avg_intrin_sse2.c.o
[129/387] Building C object CMakeFiles/aom_dsp_encoder_sse2_intrinsics.dir/aom_dsp/x86/highbd_adaptive_quantize_sse2.c.o
[130/387] Building C object CMakeFiles/aom_dsp_encoder_sse2_intrinsics.dir/aom_dsp/x86/variance_sse2.c.o
[131/387] Building C object CMakeFiles/aom_dsp_encoder_sse2_intrinsics.dir/aom_dsp/x86/highbd_subtract_sse2.c.o
[132/387] Building ASM_NASM object CMakeFiles/aom_dsp_encoder_ssse3.dir/aom_dsp/x86/fwd_txfm_ssse3_x86_64.asm.o
[133/387] Building ASM_NASM object CMakeFiles/aom_dsp_encoder_ssse3.dir/aom_dsp/x86/quantize_ssse3_x86_64.asm.o
[134/387] Building C object CMakeFiles/aom_dsp_common_ssse3_intrinsics.dir/aom_dsp/x86/aom_subpixel_8t_intrin_ssse3.c.o
[135/387] Building C object CMakeFiles/aom_dsp_common_ssse3_intrinsics.dir/aom_dsp/x86/highbd_convolve_ssse3.c.o
[136/387] Building C object CMakeFiles/aom_dsp_encoder_ssse3_intrinsics.dir/aom_dsp/x86/quantize_ssse3.c.o
[137/387] Building C object CMakeFiles/aom_dsp_encoder_ssse3_intrinsics.dir/aom_dsp/x86/variance_impl_ssse3.c.o
[138/387] Building C object CMakeFiles/aom_dsp_encoder_sse2_intrinsics.dir/aom_dsp/x86/highbd_variance_sse2.c.o
[139/387] Building C object CMakeFiles/aom_dsp_encoder_ssse3_intrinsics.dir/aom_dsp/x86/variance_ssse3.c.o
[140/387] Building ASM_NASM object CMakeFiles/aom_dsp_encoder_ssse3.dir/aom_dsp/x86/subpel_variance_ssse3.asm.o
[141/387] Building C object CMakeFiles/aom_dsp_encoder_ssse3_intrinsics.dir/aom_dsp/x86/jnt_variance_ssse3.c.o
[142/387] Building C object CMakeFiles/aom_dsp_common_sse4_1_intrinsics.dir/aom_dsp/x86/blend_a64_hmask_sse4.c.o
[143/387] Building C object CMakeFiles/aom_dsp_common_ssse3_intrinsics.dir/aom_dsp/x86/intrapred_ssse3.c.o
[144/387] Building C object CMakeFiles/aom_dsp_encoder_ssse3_intrinsics.dir/aom_dsp/x86/masked_sad_intrin_ssse3.c.o
[145/387] Building C object CMakeFiles/aom_dsp_common_sse4_1_intrinsics.dir/aom_dsp/x86/blend_a64_vmask_sse4.c.o
[146/387] Building C object CMakeFiles/aom_dsp_common_sse4_1_intrinsics.dir/aom_dsp/x86/blend_a64_mask_sse4.c.o
[147/387] Building C object CMakeFiles/aom_dsp_encoder_sse4_1_intrinsics.dir/aom_dsp/flow_estimation/x86/corner_match_sse4.c.o
[148/387] Building C object CMakeFiles/aom_dsp_encoder_sse4_1_intrinsics.dir/aom_dsp/x86/avg_intrin_sse4.c.o
[149/387] Building C object CMakeFiles/aom_dsp_encoder_sse4_1_intrinsics.dir/aom_dsp/x86/sse_sse4.c.o
[150/387] Building C object CMakeFiles/aom_dsp_encoder_sse4_1_intrinsics.dir/aom_dsp/flow_estimation/x86/disflow_sse4.c.o
[151/387] Building C object CMakeFiles/aom_dsp_encoder_sse4_1_intrinsics.dir/aom_dsp/x86/highbd_variance_sse4.c.o
[152/387] Building C object CMakeFiles/aom_dsp_common_sse4_1_intrinsics.dir/aom_dsp/x86/intrapred_sse4.c.o
[153/387] Building C object CMakeFiles/aom_dsp_encoder.dir/aom_dsp/variance.c.o
[154/387] Building C object CMakeFiles/aom_dsp_encoder_sse4_1_intrinsics.dir/aom_dsp/x86/obmc_sad_sse4.c.o
[155/387] Building C object CMakeFiles/aom_dsp_common_avx2_intrinsics.dir/aom_dsp/x86/aom_convolve_copy_avx2.c.o
[156/387] Building C object CMakeFiles/aom_dsp_encoder_avx_intrinsics.dir/aom_dsp/x86/aom_quantize_avx.c.o
[157/387] Building C object CMakeFiles/aom_dsp_common_avx2_intrinsics.dir/aom_dsp/x86/aom_subpixel_8t_intrin_avx2.c.o
[158/387] Building C object CMakeFiles/aom_dsp_common_avx2_intrinsics.dir/aom_dsp/x86/loopfilter_avx2.c.o
[159/387] Building C object CMakeFiles/aom_dsp_encoder_sse4_1_intrinsics.dir/aom_dsp/x86/obmc_variance_sse4.c.o
[160/387] Building C object CMakeFiles/aom_dsp_encoder_ssse3_intrinsics.dir/aom_dsp/x86/masked_variance_intrin_ssse3.c.o
[161/387] Building C object CMakeFiles/aom_dsp_common_avx2_intrinsics.dir/aom_dsp/x86/blend_a64_mask_avx2.c.o
[162/387] Building C object CMakeFiles/aom_dsp_common_avx2_intrinsics.dir/aom_dsp/x86/highbd_loopfilter_avx2.c.o
[163/387] Building C object CMakeFiles/aom_dsp_common_avx2_intrinsics.dir/aom_dsp/x86/highbd_convolve_avx2.c.o
[164/387] Building C object CMakeFiles/aom_dsp_encoder_avx2_intrinsics.dir/aom_dsp/flow_estimation/x86/corner_match_avx2.c.o
[165/387] Building C object CMakeFiles/aom_dsp_encoder_avx2_intrinsics.dir/aom_dsp/flow_estimation/x86/disflow_avx2.c.o
[166/387] Building C object CMakeFiles/aom_dsp_encoder_avx2_intrinsics.dir/aom_dsp/x86/avg_intrin_avx2.c.o
[167/387] Building C object CMakeFiles/aom_dsp_encoder_avx2_intrinsics.dir/aom_dsp/x86/fft_avx2.c.o
[168/387] Building C object CMakeFiles/aom_dsp_encoder_avx2_intrinsics.dir/aom_dsp/x86/subtract_avx2.c.o
[169/387] Building C object CMakeFiles/aom_dsp_encoder_avx2_intrinsics.dir/aom_dsp/x86/adaptive_quantize_avx2.c.o
[170/387] Building C object CMakeFiles/aom_dsp_encoder_avx2_intrinsics.dir/aom_dsp/x86/quantize_avx2.c.o
[171/387] Building C object CMakeFiles/aom_dsp_encoder_avx2_intrinsics.dir/aom_dsp/x86/masked_sad_intrin_avx2.c.o
[172/387] Building C object CMakeFiles/aom_dsp_common_avx2_intrinsics.dir/aom_dsp/x86/intrapred_avx2.c.o
[173/387] Building C object CMakeFiles/aom_dsp_encoder_avx2_intrinsics.dir/aom_dsp/x86/sad_avx2.c.o
[174/387] Building C object CMakeFiles/aom_dsp_encoder_avx2_intrinsics.dir/aom_dsp/x86/sad_impl_avx2.c.o
[175/387] Building C object CMakeFiles/aom_dsp_encoder_avx2_intrinsics.dir/aom_dsp/x86/sad4d_avx2.c.o
[176/387] Building C object CMakeFiles/aom_dsp_encoder_avx2_intrinsics.dir/aom_dsp/x86/sse_avx2.c.o
[177/387] Building C object CMakeFiles/aom_dsp_encoder_avx2_intrinsics.dir/aom_dsp/x86/variance_avx2.c.o
[178/387] Building C object CMakeFiles/aom_mem.dir/aom_mem/aom_mem.c.o
[179/387] Building C object CMakeFiles/aom_dsp_encoder_avx2_intrinsics.dir/aom_dsp/x86/obmc_variance_avx2.c.o
[180/387] Building C object CMakeFiles/aom_dsp_encoder_avx2_intrinsics.dir/aom_dsp/x86/obmc_sad_avx2.c.o
[181/387] Building C object CMakeFiles/aom_av1_common.dir/common/args_helper.c.o
[182/387] Building C object CMakeFiles/aom_av1_common.dir/av1/arg_defs.c.o
[183/387] Building C object CMakeFiles/aom_dsp_encoder_avx2_intrinsics.dir/aom_dsp/x86/blk_sse_sum_avx2.c.o
[184/387] Building C object CMakeFiles/aom_util.dir/aom_util/aom_thread.c.o
[185/387] Building C object CMakeFiles/aom_dsp_encoder_avx2_intrinsics.dir/aom_dsp/x86/sum_squares_avx2.c.o
[186/387] Building C object CMakeFiles/aom_scale.dir/aom_scale/generic/yv12extend.c.o
[187/387] Building C object CMakeFiles/aom_scale.dir/aom_scale/generic/yv12config.c.o
[188/387] Building C object CMakeFiles/aom_dsp_encoder_avx2_intrinsics.dir/aom_dsp/x86/variance_impl_avx2.c.o
[189/387] Building C object CMakeFiles/aom_dsp_encoder_avx2_intrinsics.dir/aom_dsp/x86/highbd_quantize_intrin_avx2.c.o
[190/387] Building C object CMakeFiles/aom_dsp_encoder_avx2_intrinsics.dir/aom_dsp/x86/highbd_adaptive_quantize_avx2.c.o
[191/387] Building C object CMakeFiles/aom_dsp_encoder_avx2_intrinsics.dir/aom_dsp/x86/highbd_variance_avx2.c.o
[192/387] Building C object CMakeFiles/aom_av1_common.dir/av1/common/alloccommon.c.o
[193/387] Building C object CMakeFiles/aom_av1_common.dir/av1/common/av1_txfm.c.o
[194/387] Building C object CMakeFiles/aom_av1_common.dir/av1/common/av1_inv_txfm2d.c.o
[195/387] Building C object CMakeFiles/aom_av1_common.dir/av1/common/common_data.c.o
[196/387] Building C object CMakeFiles/aom_av1_common.dir/av1/common/blockd.c.o
[197/387] Building C object CMakeFiles/aom_dsp_encoder_avx2_intrinsics.dir/aom_dsp/x86/highbd_sad_avx2.c.o
[198/387] Building C object CMakeFiles/aom_av1_common.dir/av1/common/cdef.c.o
[199/387] Building C object CMakeFiles/aom_av1_common.dir/av1/common/cdef_block.c.o
[200/387] Building C object CMakeFiles/aom_av1_common.dir/av1/common/frame_buffers.c.o
[201/387] Building C object CMakeFiles/aom_av1_common.dir/av1/common/av1_loopfilter.c.o
[202/387] Building C object CMakeFiles/aom_av1_common.dir/av1/common/debugmodes.c.o
[203/387] Building C object CMakeFiles/aom_av1_common.dir/av1/common/av1_inv_txfm1d.c.o
[204/387] Building C object CMakeFiles/aom_av1_common.dir/av1/common/obu_util.c.o
[205/387] Building C object CMakeFiles/aom_av1_common.dir/av1/common/entropymv.c.o
[206/387] Building C object CMakeFiles/aom_av1_common.dir/av1/common/entropymode.c.o
[207/387] Building C object CMakeFiles/aom_av1_common.dir/av1/common/entropy.c.o
[208/387] Building C object CMakeFiles/aom_av1_common.dir/av1/common/idct.c.o
[209/387] Building C object CMakeFiles/aom_av1_common.dir/av1/common/pred_common.c.o
[210/387] Building C object CMakeFiles/aom_av1_common.dir/av1/common/convolve.c.o
[211/387] Building C object CMakeFiles/aom_av1_common.dir/av1/common/scale.c.o
[212/387] Building C object CMakeFiles/aom_av1_common.dir/av1/common/quant_common.c.o
[213/387] Building C object CMakeFiles/aom_av1_common.dir/av1/common/timing.c.o
[214/387] Building C object CMakeFiles/aom_av1_common.dir/av1/common/mvref_common.c.o
[215/387] Building C object CMakeFiles/aom_av1_common.dir/av1/common/scan.c.o
[216/387] Building C object CMakeFiles/aom_av1_common.dir/av1/common/reconinter.c.o
[217/387] Building C object CMakeFiles/aom_av1_common.dir/av1/common/seg_common.c.o
[218/387] Building C object CMakeFiles/aom_av1_common.dir/av1/common/restoration.c.o
[219/387] Building C object CMakeFiles/aom_av1_common.dir/av1/common/resize.c.o
[220/387] Building C object CMakeFiles/aom_av1_common.dir/av1/common/reconintra.c.o
[221/387] Building C object CMakeFiles/aom_av1_common.dir/av1/common/cfl.c.o
[222/387] Building C object CMakeFiles/aom_av1_common.dir/av1/common/tile_common.c.o
[223/387] Building C object CMakeFiles/aom_av1_common.dir/av1/common/thread_common.c.o
[224/387] Building C object CMakeFiles/aom_av1_common.dir/av1/common/txb_common.c.o
[225/387] Building C object CMakeFiles/aom_av1_common.dir/av1/common/warped_motion.c.o
[226/387] Building C object CMakeFiles/aom_av1_decoder.dir/av1/av1_dx_iface.c.o
[227/387] Building C object CMakeFiles/aom_av1_decoder.dir/av1/decoder/decoder.c.o
[228/387] Building C object CMakeFiles/aom_av1_decoder.dir/av1/decoder/detokenize.c.o
[229/387] Building C object CMakeFiles/aom_av1_decoder.dir/av1/decoder/decodetxb.c.o
[230/387] Building C object CMakeFiles/aom_av1_decoder.dir/av1/decoder/obu.c.o
[231/387] Building C object CMakeFiles/aom_av1_decoder.dir/av1/decoder/grain_synthesis.c.o
[232/387] Building C object CMakeFiles/aom_av1_encoder.dir/av1/encoder/aq_complexity.c.o
[233/387] Building C object CMakeFiles/aom_av1_decoder.dir/av1/decoder/decodemv.c.o
[234/387] Building C object CMakeFiles/aom_av1_encoder.dir/av1/encoder/aq_cyclicrefresh.c.o
[235/387] Building C object CMakeFiles/aom_av1_encoder.dir/av1/encoder/aq_variance.c.o
[236/387] Building C object CMakeFiles/aom_av1_encoder.dir/av1/encoder/av1_fwd_txfm2d.c.o
[237/387] Building C object CMakeFiles/aom_av1_encoder.dir/av1/encoder/av1_fwd_txfm1d.c.o
[238/387] Building C object CMakeFiles/aom_av1_encoder.dir/av1/encoder/cost.c.o
[239/387] Building C object CMakeFiles/aom_av1_encoder.dir/av1/encoder/allintra_vis.c.o
[240/387] Building C object CMakeFiles/aom_av1_encoder.dir/av1/encoder/av1_quantize.c.o
[241/387] Building C object CMakeFiles/aom_av1_decoder.dir/av1/decoder/decodeframe.c.o
[242/387] Building C object CMakeFiles/aom_av1_encoder.dir/av1/av1_cx_iface.c.o
[243/387] Building C object CMakeFiles/aom_av1_encoder.dir/av1/encoder/cnn.c.o
[244/387] Building C object CMakeFiles/aom_av1_encoder.dir/av1/encoder/context_tree.c.o
[245/387] Building C object CMakeFiles/aom_av1_encoder.dir/av1/encoder/compound_type.c.o
[246/387] Building C object CMakeFiles/aom_av1_encoder.dir/av1/encoder/encodemv.c.o
[247/387] Building C object CMakeFiles/aom_av1_encoder.dir/av1/encoder/encodemb.c.o
[248/387] Building C object CMakeFiles/aom_av1_encoder.dir/av1/encoder/extend.c.o
[249/387] Building C object CMakeFiles/aom_av1_encoder.dir/av1/encoder/external_partition.c.o
[250/387] Building C object CMakeFiles/aom_av1_encoder.dir/av1/encoder/bitstream.c.o
[251/387] Building C object CMakeFiles/aom_av1_encoder.dir/av1/encoder/encode_strategy.c.o
[252/387] Building C object CMakeFiles/aom_av1_encoder.dir/av1/encoder/encodeframe.c.o
[253/387] Building C object CMakeFiles/aom_av1_encoder.dir/av1/encoder/encoder_utils.c.o
[254/387] Building C object CMakeFiles/aom_av1_encoder.dir/av1/encoder/encodeframe_utils.c.o
[255/387] Building C object CMakeFiles/aom_av1_encoder.dir/av1/encoder/encodetxb.c.o
[256/387] Building C object CMakeFiles/aom_av1_encoder.dir/av1/encoder/hash.c.o
[257/387] Building C object CMakeFiles/aom_av1_encoder.dir/av1/encoder/ethread.c.o
[258/387] Building C object CMakeFiles/aom_av1_encoder.dir/av1/encoder/global_motion_facade.c.o
[259/387] Building C object CMakeFiles/aom_av1_encoder.dir/av1/encoder/hybrid_fwd_txfm.c.o
[260/387] Building C object CMakeFiles/aom_av1_encoder.dir/av1/encoder/global_motion.c.o
[261/387] Building C object CMakeFiles/aom_av1_encoder.dir/av1/encoder/hash_motion.c.o
[262/387] Building C object CMakeFiles/aom_av1_encoder.dir/av1/encoder/gop_structure.c.o
[263/387] Building C object CMakeFiles/aom_av1_encoder.dir/av1/encoder/firstpass.c.o
[264/387] Building ASM_NASM object CMakeFiles/aom_dsp_encoder_sse2.dir/aom_dsp/x86/highbd_sad4d_sse2.asm.o
[265/387] Building C object CMakeFiles/aom_av1_encoder.dir/av1/encoder/ml.c.o
[266/387] Building C object CMakeFiles/aom_av1_encoder.dir/av1/encoder/interp_search.c.o
[267/387] Building C object CMakeFiles/aom_av1_encoder.dir/av1/encoder/lookahead.c.o
[268/387] Building C object CMakeFiles/aom_av1_encoder.dir/av1/encoder/level.c.o
[269/387] Building C object CMakeFiles/aom_av1_encoder.dir/av1/encoder/motion_search_facade.c.o
[270/387] Building C object CMakeFiles/aom_av1_encoder.dir/av1/encoder/mv_prec.c.o
[271/387] Building C object CMakeFiles/aom_av1_encoder.dir/av1/encoder/encoder.c.o
[272/387] Building C object CMakeFiles/aom_av1_encoder.dir/av1/encoder/palette.c.o
[273/387] Building C object CMakeFiles/aom_av1_encoder.dir/av1/encoder/picklpf.c.o
[274/387] Building C object CMakeFiles/aom_av1_encoder.dir/av1/encoder/partition_strategy.c.o
[275/387] Building C object CMakeFiles/aom_av1_encoder.dir/av1/encoder/pickcdef.c.o
[276/387] Building C object CMakeFiles/aom_av1_encoder.dir/av1/encoder/pickrst.c.o
[277/387] Building C object CMakeFiles/aom_av1_encoder.dir/av1/encoder/pass2_strategy.c.o
[278/387] Building C object CMakeFiles/aom_av1_encoder.dir/av1/encoder/ratectrl.c.o
[279/387] Building C object CMakeFiles/aom_av1_encoder.dir/av1/encoder/partition_search.c.o
[280/387] Building C object CMakeFiles/aom_av1_encoder.dir/av1/encoder/rd.c.o
[281/387] Building C object CMakeFiles/aom_av1_encoder.dir/av1/encoder/mcomp.c.o
[282/387] Building C object CMakeFiles/aom_av1_encoder.dir/av1/encoder/reconinter_enc.c.o
[283/387] Building C object CMakeFiles/aom_av1_encoder.dir/av1/encoder/segmentation.c.o
[284/387] Building C object CMakeFiles/aom_av1_encoder.dir/av1/encoder/nonrd_opt.c.o
[285/387] Building C object CMakeFiles/aom_av1_encoder.dir/av1/encoder/speed_features.c.o
[286/387] Building C object CMakeFiles/aom_av1_encoder.dir/av1/encoder/thirdpass.c.o
[287/387] Building C object CMakeFiles/aom_av1_encoder.dir/av1/encoder/nonrd_pickmode.c.o
[288/387] Building C object CMakeFiles/aom_av1_encoder.dir/av1/encoder/tokenize.c.o
[289/387] Building C object CMakeFiles/aom_av1_encoder.dir/av1/encoder/superres_scale.c.o
[290/387] Building C object CMakeFiles/aom_av1_encoder.dir/av1/encoder/svc_layercontext.c.o
[291/387] Building C object CMakeFiles/aom_av1_encoder.dir/third_party/fastfeat/fast.c.o
[292/387] Building C object CMakeFiles/aom_av1_encoder.dir/third_party/fastfeat/nonmax.c.o
[293/387] Building C object CMakeFiles/aom_av1_encoder.dir/third_party/vector/vector.c.o
[294/387] Building C object CMakeFiles/aom_av1_encoder.dir/av1/encoder/temporal_filter.c.o
[295/387] Building C object CMakeFiles/aom_av1_encoder.dir/av1/encoder/wedge_utils.c.o
[296/387] Building C object CMakeFiles/aom_av1_encoder.dir/av1/encoder/blockiness.c.o
[297/387] Building C object CMakeFiles/aom_av1_encoder.dir/av1/encoder/txb_rdopt.c.o
[298/387] Building C object CMakeFiles/aom_av1_encoder.dir/av1/encoder/tpl_model.c.o
[299/387] Building C object CMakeFiles/aom_av1_encoder.dir/av1/encoder/av1_noise_estimate.c.o
[300/387] Building C object CMakeFiles/aom_av1_encoder.dir/av1/encoder/dwt.c.o
[301/387] Building C object CMakeFiles/aom_av1_encoder.dir/av1/encoder/intra_mode_search.c.o
[302/387] Building ASM_NASM object CMakeFiles/aom_av1_encoder_sse2.dir/av1/encoder/x86/dct_sse2.asm.o
[303/387] Building ASM_NASM object CMakeFiles/aom_av1_encoder_sse2.dir/av1/encoder/x86/error_sse2.asm.o
[304/387] Building C object CMakeFiles/aom_av1_common_sse2_intrinsics.dir/av1/common/x86/convolve_2d_sse2.c.o
[305/387] Building C object CMakeFiles/aom_av1_encoder.dir/av1/encoder/rdopt.c.o
[306/387] Building C object CMakeFiles/aom_av1_common_sse2_intrinsics.dir/av1/common/x86/cfl_sse2.c.o
[307/387] Building C object CMakeFiles/aom_av1_common_sse2_intrinsics.dir/av1/common/x86/convolve_sse2.c.o
[308/387] Building C object CMakeFiles/aom_av1_encoder.dir/av1/encoder/tx_search.c.o
[309/387] Building C object CMakeFiles/aom_av1_encoder.dir/av1/encoder/var_based_part.c.o
[310/387] Building C object CMakeFiles/aom_av1_common_sse2_intrinsics.dir/av1/common/x86/jnt_convolve_sse2.c.o
[311/387] Building C object CMakeFiles/aom_av1_common_sse2_intrinsics.dir/av1/common/x86/wiener_convolve_sse2.c.o
[312/387] Building C object CMakeFiles/aom_av1_encoder_sse2_intrinsics.dir/av1/encoder/x86/av1_k_means_sse2.c.o
[313/387] Building C object CMakeFiles/aom_av1_encoder_sse2_intrinsics.dir/av1/encoder/x86/av1_quantize_sse2.c.o
[314/387] Building C object CMakeFiles/aom_av1_encoder_sse2_intrinsics.dir/av1/encoder/x86/error_intrin_sse2.c.o
[315/387] Building C object CMakeFiles/aom_av1_encoder_sse2_intrinsics.dir/av1/encoder/x86/encodetxb_sse2.c.o
[316/387] Building C object CMakeFiles/aom_av1_encoder_sse2_intrinsics.dir/av1/encoder/x86/highbd_block_error_intrin_sse2.c.o
[317/387] Building C object CMakeFiles/aom_av1_encoder_sse2_intrinsics.dir/av1/encoder/x86/reconinter_enc_sse2.c.o
[318/387] Building C object CMakeFiles/aom_av1_common_sse2_intrinsics.dir/av1/common/x86/resize_sse2.c.o
[319/387] Building C object CMakeFiles/aom_av1_encoder_sse3_intrinsics.dir/av1/encoder/x86/ml_sse3.c.o
[320/387] Building C object CMakeFiles/aom_av1_encoder_sse2_intrinsics.dir/av1/encoder/x86/temporal_filter_sse2.c.o
[321/387] Building C object CMakeFiles/aom_av1_common_ssse3_intrinsics.dir/av1/common/x86/jnt_convolve_ssse3.c.o
[322/387] Building C object CMakeFiles/aom_av1_encoder_sse2_intrinsics.dir/av1/encoder/x86/highbd_temporal_filter_sse2.c.o
[323/387] Building C object CMakeFiles/aom_av1_encoder_sse2_intrinsics.dir/av1/encoder/x86/wedge_utils_sse2.c.o
[324/387] Building C object CMakeFiles/aom_av1_common_ssse3_intrinsics.dir/av1/common/x86/highbd_wiener_convolve_ssse3.c.o
[325/387] Building C object CMakeFiles/aom_av1_common_ssse3_intrinsics.dir/av1/common/x86/highbd_convolve_2d_ssse3.c.o
[326/387] Building C object CMakeFiles/aom_av1_common_ssse3_intrinsics.dir/av1/common/x86/cfl_ssse3.c.o
[327/387] Building C object CMakeFiles/aom_av1_common_ssse3_intrinsics.dir/av1/common/x86/reconinter_ssse3.c.o
[328/387] Building C object CMakeFiles/aom_av1_common_ssse3_intrinsics.dir/av1/common/x86/resize_ssse3.c.o
[329/387] Building C object CMakeFiles/aom_av1_common_sse4_intrinsics.dir/av1/common/x86/av1_convolve_horiz_rs_sse4.c.o
[330/387] Building C object CMakeFiles/aom_av1_common_sse4_intrinsics.dir/av1/common/x86/av1_txfm_sse4.c.o
[331/387] Building C object CMakeFiles/aom_av1_common_sse4_intrinsics.dir/av1/common/x86/av1_convolve_scale_sse4.c.o
[332/387] Building C object CMakeFiles/aom_av1_encoder_sse2_intrinsics.dir/av1/encoder/x86/av1_fwd_txfm_sse2.c.o
[333/387] Building C object CMakeFiles/aom_av1_common_sse4_intrinsics.dir/av1/common/x86/filterintra_sse4.c.o
[334/387] Building C object CMakeFiles/aom_av1_common_sse4_intrinsics.dir/av1/common/x86/reconinter_sse4.c.o
[335/387] Building C object CMakeFiles/aom_av1_common_sse4_intrinsics.dir/av1/common/x86/intra_edge_sse4.c.o
[336/387] Building C object CMakeFiles/aom_av1_common_ssse3_intrinsics.dir/av1/common/x86/av1_inv_txfm_ssse3.c.o
[337/387] Building ASM_NASM object CMakeFiles/aom_av1_encoder_ssse3.dir/av1/encoder/x86/av1_quantize_ssse3_x86_64.asm.o
[338/387] Building C object CMakeFiles/aom_av1_common_sse4_intrinsics.dir/av1/common/x86/selfguided_sse4.c.o
[339/387] Building C object CMakeFiles/aom_av1_common_sse4_intrinsics.dir/av1/common/x86/cdef_block_sse4.c.o
[340/387] Building C object CMakeFiles/aom_av1_common_sse4_intrinsics.dir/av1/common/x86/highbd_convolve_2d_sse4.c.o
[341/387] Building C object CMakeFiles/aom_av1_common_sse4_intrinsics.dir/av1/common/x86/warp_plane_sse4.c.o
[342/387] Building C object CMakeFiles/aom_av1_common_sse4_intrinsics.dir/av1/common/x86/highbd_jnt_convolve_sse4.c.o
[343/387] Building C object CMakeFiles/aom_av1_common_sse4_intrinsics.dir/av1/common/x86/highbd_warp_plane_sse4.c.o
[344/387] Building C object CMakeFiles/aom_av1_encoder_sse4_intrinsics.dir/av1/encoder/x86/encodetxb_sse4.c.o
[345/387] Building C object CMakeFiles/aom_av1_encoder_sse4_intrinsics.dir/av1/encoder/x86/av1_fwd_txfm1d_sse4.c.o
[346/387] Building C object CMakeFiles/aom_av1_encoder_sse42_intrinsics.dir/av1/encoder/x86/hash_sse42.c.o
[347/387] Building C object CMakeFiles/aom_av1_encoder_sse4_intrinsics.dir/av1/encoder/x86/av1_highbd_quantize_sse4.c.o
[348/387] Building C object CMakeFiles/aom_av1_encoder_sse4_intrinsics.dir/av1/encoder/x86/rdopt_sse4.c.o
[349/387] Building C object CMakeFiles/aom_av1_common_sse4_intrinsics.dir/av1/common/x86/highbd_inv_txfm_sse4.c.o
[350/387] Building C object CMakeFiles/aom_av1_encoder_sse4_intrinsics.dir/av1/encoder/x86/av1_fwd_txfm2d_sse4.c.o
[351/387] Building C object CMakeFiles/aom_av1_encoder_sse4_intrinsics.dir/av1/encoder/x86/highbd_fwd_txfm_sse4.c.o
[352/387] Building C object CMakeFiles/aom_av1_encoder_sse4_intrinsics.dir/av1/encoder/x86/pickrst_sse4.c.o
[353/387] Building C object CMakeFiles/aom_av1_common_avx2_intrinsics.dir/av1/common/x86/cfl_avx2.c.o
[354/387] Building C object CMakeFiles/aom_av1_common_avx2_intrinsics.dir/av1/common/x86/cdef_block_avx2.c.o
[355/387] Building C object CMakeFiles/aom_av1_common_avx2_intrinsics.dir/av1/common/x86/reconinter_avx2.c.o
[356/387] Building C object CMakeFiles/aom_av1_common_avx2_intrinsics.dir/av1/common/x86/convolve_2d_avx2.c.o
[357/387] Building C object CMakeFiles/aom_av1_common_avx2_intrinsics.dir/av1/common/x86/convolve_avx2.c.o
[358/387] Building C object CMakeFiles/aom_av1_common_avx2_intrinsics.dir/av1/common/x86/av1_inv_txfm_avx2.c.o
[359/387] Building C object CMakeFiles/aom_av1_common_avx2_intrinsics.dir/av1/common/x86/jnt_convolve_avx2.c.o
[360/387] Building C object CMakeFiles/aom_av1_common_avx2_intrinsics.dir/av1/common/x86/resize_avx2.c.o
[361/387] Building C object CMakeFiles/aom_av1_common_avx2_intrinsics.dir/av1/common/x86/selfguided_avx2.c.o
[362/387] Building C object CMakeFiles/aom_av1_common_avx2_intrinsics.dir/av1/common/x86/highbd_inv_txfm_avx2.c.o
[363/387] Building C object CMakeFiles/aom_av1_common_avx2_intrinsics.dir/av1/common/x86/wiener_convolve_avx2.c.o
[364/387] Building C object CMakeFiles/aom_av1_common_avx2_intrinsics.dir/av1/common/x86/highbd_convolve_2d_avx2.c.o
[365/387] Building C object CMakeFiles/aom_av1_common_avx2_intrinsics.dir/av1/common/x86/warp_plane_avx2.c.o
[366/387] Building C object CMakeFiles/aom_av1_common_avx2_intrinsics.dir/av1/common/x86/highbd_wiener_convolve_avx2.c.o
[367/387] Building C object CMakeFiles/aom_av1_encoder_avx2_intrinsics.dir/av1/encoder/x86/av1_quantize_avx2.c.o
[368/387] Building C object CMakeFiles/aom_av1_common_avx2_intrinsics.dir/av1/common/x86/highbd_jnt_convolve_avx2.c.o
[369/387] Building C object CMakeFiles/aom_av1_common_avx2_intrinsics.dir/av1/common/x86/highbd_warp_affine_avx2.c.o
[370/387] Building C object CMakeFiles/aom_av1_encoder_avx2_intrinsics.dir/av1/encoder/x86/error_intrin_avx2.c.o
[371/387] Building C object CMakeFiles/aom_av1_encoder_avx2_intrinsics.dir/av1/encoder/x86/wedge_utils_avx2.c.o
[372/387] Building C object CMakeFiles/aom_av1_encoder_avx2_intrinsics.dir/av1/encoder/x86/encodetxb_avx2.c.o
[373/387] Building C object CMakeFiles/aom_av1_encoder_avx2_intrinsics.dir/av1/encoder/x86/av1_k_means_avx2.c.o
[374/387] Building C object CMakeFiles/aom_av1_encoder_avx2_intrinsics.dir/av1/encoder/x86/av1_fwd_txfm2d_avx2.c.o
[375/387] Building C object CMakeFiles/aom_av1_encoder_avx2_intrinsics.dir/av1/encoder/x86/highbd_fwd_txfm_avx2.c.o
[376/387] Building C object CMakeFiles/aom_av1_encoder_avx2_intrinsics.dir/av1/encoder/x86/ml_avx2.c.o
[377/387] Building C object CMakeFiles/aom_av1_encoder_avx2_intrinsics.dir/av1/encoder/x86/rdopt_avx2.c.o
[378/387] Building C object CMakeFiles/aom_av1_encoder_avx2_intrinsics.dir/av1/encoder/x86/av1_highbd_quantize_avx2.c.o
[379/387] Building C object CMakeFiles/aom_av1_encoder_avx2_intrinsics.dir/av1/encoder/x86/cnn_avx2.c.o
[380/387] Building C object CMakeFiles/aom_av1_encoder_avx2_intrinsics.dir/av1/encoder/x86/temporal_filter_avx2.c.o
[381/387] Building C object CMakeFiles/aom_av1_encoder_avx2_intrinsics.dir/av1/encoder/x86/highbd_block_error_intrin_avx2.c.o
[382/387] Building C object CMakeFiles/aomenc.dir/apps/aomenc.c.o
[383/387] Building C object CMakeFiles/aom_av1_encoder_avx2_intrinsics.dir/av1/encoder/x86/pickrst_avx2.c.o
[384/387] Building C object CMakeFiles/aom_av1_encoder_avx2_intrinsics.dir/av1/encoder/x86/highbd_temporal_filter_avx2.c.o
[385/387] Building C object CMakeFiles/aom_av1_encoder.dir/third_party/fastfeat/fast_9.c.o
[386/387] Linking C static library libaom.a
[387/387] Linking CXX executable aomenc
