[1/269] Building C object CMakeFiles/aom_common_app_util.dir/common/md5_utils.c.o
[2/269] Building C object CMakeFiles/aom_usage_exit.dir/gen_src/usage_exit.c.o
[3/269] Building C object CMakeFiles/aom_common_app_util.dir/common/args_helper.c.o
[4/269] Building C object CMakeFiles/aom_common_app_util.dir/common/y4menc.c.o
[5/269] Building C object CMakeFiles/aom_common_app_util.dir/common/rawenc.c.o
[6/269] Building C object CMakeFiles/aom_encoder_app_util.dir/common/ivfenc.c.o
[7/269] Building C object CMakeFiles/aom_encoder_app_util.dir/common/video_writer.c.o
[8/269] Building C object CMakeFiles/aom_common_app_util.dir/common/av1_config.c.o
[9/269] Building C object CMakeFiles/aom_common_app_util.dir/common/ivfdec.c.o
[10/269] Building C object CMakeFiles/aom_common_app_util.dir/av1/arg_defs.c.o
[11/269] Building C object CMakeFiles/aom_common_app_util.dir/common/args.c.o
[12/269] Building C object CMakeFiles/aom_encoder_app_util.dir/examples/encoder_util.c.o
[13/269] Building C object CMakeFiles/aom_encoder_app_util.dir/common/warnings.c.o
[14/269] Building C object CMakeFiles/aom_common_app_util.dir/common/tools_common.c.o
[15/269] Building CXX object CMakeFiles/yuv.dir/third_party/libyuv/source/cpu_id.cc.o
[16/269] Building CXX object CMakeFiles/yuv.dir/third_party/libyuv/source/row_mips.cc.o
[17/269] Building C object CMakeFiles/aom_encoder_app_util.dir/common/y4minput.c.o
[18/269] Building CXX object CMakeFiles/yuv.dir/third_party/libyuv/source/row_gcc.cc.o
[19/269] Building CXX object CMakeFiles/yuv.dir/third_party/libyuv/source/row_neon64.cc.o
[20/269] Building CXX object CMakeFiles/yuv.dir/third_party/libyuv/source/row_win.cc.o
[21/269] Building CXX object CMakeFiles/yuv.dir/third_party/libyuv/source/row_neon.cc.o
[22/269] Building CXX object CMakeFiles/yuv.dir/third_party/libyuv/source/scale_any.cc.o
[23/269] Building CXX object CMakeFiles/yuv.dir/third_party/libyuv/source/scale_mips.cc.o
[24/269] Building CXX object CMakeFiles/yuv.dir/third_party/libyuv/source/convert_argb.cc.o
[25/269] Building CXX object CMakeFiles/yuv.dir/third_party/libyuv/source/scale_neon.cc.o
[26/269] Building CXX object CMakeFiles/yuv.dir/third_party/libyuv/source/scale_gcc.cc.o
[27/269] Building CXX object CMakeFiles/yuv.dir/third_party/libyuv/source/scale_neon64.cc.o
[28/269] Building CXX object CMakeFiles/yuv.dir/third_party/libyuv/source/scale.cc.o
[29/269] Building CXX object CMakeFiles/yuv.dir/third_party/libyuv/source/planar_functions.cc.o
[30/269] Building CXX object CMakeFiles/yuv.dir/third_party/libyuv/source/scale_win.cc.o
[31/269] Updating version info if necessary.
[32/269] Writing aom_version.h
[33/269] Building C object CMakeFiles/aom_version.dir/gen_src/aom_version_no_op.c.o
[34/269] Linking C static library libaom_version.a
[35/269] Building CXX object CMakeFiles/webm.dir/third_party/libwebm/mkvparser/mkvreader.cc.o
[36/269] Generating /workspace/build/libaom_logpart/config/aom_scale_rtcd.h
[37/269] Building CXX object CMakeFiles/yuv.dir/third_party/libyuv/source/scale_common.cc.o
[38/269] Building CXX object CMakeFiles/aom_encoder_app_util.dir/common/webmenc.cc.o
[39/269] Writing aom.pc
[40/269] Generating /workspace/build/libaom_logpart/config/aom_dsp_rtcd.h
[41/269] Generating /workspace/build/libaom_logpart/config/av1_rtcd.h
[42/269] Building CXX object CMakeFiles/yuv.dir/third_party/libyuv/source/scale_uv.cc.o
[43/269] Building C object CMakeFiles/aom_pc.dir/gen_src/aom_pc_no_op.c.o
[44/269] Building CXX object CMakeFiles/yuv.dir/third_party/libyuv/source/row_any.cc.o
[45/269] Building C object CMakeFiles/aom_obj.dir/config/aom_config.c.o
[46/269] Building CXX object CMakeFiles/yuv.dir/third_party/libyuv/source/row_common.cc.o
[47/269] Building CXX object CMakeFiles/webm.dir/third_party/libwebm/mkvmuxer/mkvwriter.cc.o
[48/269] Building C object CMakeFiles/aom_rtcd.dir/aom_scale/aom_scale_rtcd.c.o
[49/269] Building C object CMakeFiles/aom_encoder_stats.dir/stats/rate_hist.c.o
[50/269] Building C object CMakeFiles/aom_encoder_stats.dir/stats/aomstats.c.o
[51/269] Building CXX object CMakeFiles/webm.dir/third_party/libwebm/common/hdr_util.cc.o
[52/269] Building C object CMakeFiles/aom_obj.dir/aom/src/aom_image.c.o
[53/269] Building C object CMakeFiles/aom_obj.dir/aom/src/aom_decoder.c.o
[54/269] Building CXX object CMakeFiles/webm.dir/third_party/libwebm/mkvmuxer/mkvmuxerutil.cc.o
[55/269] Building C object CMakeFiles/aom_obj.dir/aom/src/aom_codec.c.o
[56/269] Building C object CMakeFiles/aom_obj.dir/aom/src/aom_integer.c.o
[57/269] Building C object CMakeFiles/aom_obj.dir/aom/src/aom_encoder.c.o
[58/269] Building C object CMakeFiles/aom_rtcd.dir/aom_dsp/aom_dsp_rtcd.c.o
[59/269] Building C object CMakeFiles/aom_dsp_common.dir/aom_dsp/bitreader_buffer.c.o
[60/269] Building C object CMakeFiles/aom_rtcd.dir/av1/common/av1_rtcd.c.o
[61/269] Building C object CMakeFiles/aom_dsp_common.dir/aom_dsp/bitwriter_buffer.c.o
[62/269] Building C object CMakeFiles/aom_dsp.dir/gen_src/aom_av1_no_op.c.o
[63/269] Building C object CMakeFiles/aom_dsp.dir/gen_src/aom_dsp_no_op.c.o
[64/269] Building C object CMakeFiles/aom_dsp_common.dir/aom_dsp/entcode.c.o
[65/269] Building C object CMakeFiles/aom_dsp_common.dir/aom_dsp/odintrin.c.o
[66/269] Building C object CMakeFiles/aom_dsp_decoder.dir/aom_dsp/binary_codes_reader.c.o
[67/269] Building C object CMakeFiles/aom_dsp_common.dir/aom_dsp/blend_a64_hmask.c.o
[68/269] Building C object CMakeFiles/aom_dsp_common.dir/aom_dsp/aom_convolve.c.o
[69/269] Building C object CMakeFiles/aom_dsp_common.dir/aom_dsp/blend_a64_vmask.c.o
[70/269] Building C object CMakeFiles/aom_dsp_decoder.dir/aom_dsp/bitreader.c.o
[71/269] Building C object CMakeFiles/aom_dsp_decoder.dir/aom_dsp/entdec.c.o
[72/269] Building C object CMakeFiles/aom_dsp_common.dir/aom_dsp/blend_a64_mask.c.o
[73/269] Building C object CMakeFiles/aom_dsp_encoder.dir/aom_dsp/bitwriter.c.o
[74/269] Building C object CMakeFiles/aom_dsp_encoder.dir/aom_dsp/binary_codes_writer.c.o
[75/269] Building C object CMakeFiles/aom_dsp_encoder.dir/aom_dsp/entenc.c.o
[76/269] Building C object CMakeFiles/aom_dsp_encoder.dir/aom_dsp/blk_sse_sum.c.o
[77/269] Building C object CMakeFiles/aom_dsp_common.dir/aom_dsp/loopfilter.c.o
[78/269] Building CXX object CMakeFiles/webm.dir/third_party/libwebm/mkvparser/mkvparser.cc.o
[79/269] Building C object CMakeFiles/aom_dsp_encoder.dir/aom_dsp/grain_table.c.o
[80/269] Building C object CMakeFiles/aom_dsp_encoder.dir/aom_dsp/avg.c.o
[81/269] Building C object CMakeFiles/aom_dsp_encoder.dir/aom_dsp/fwd_txfm.c.o
[82/269] Building CXX object CMakeFiles/webm.dir/third_party/libwebm/mkvmuxer/mkvmuxer.cc.o
[83/269] Building C object CMakeFiles/aom_dsp_encoder.dir/aom_dsp/fft.c.o
[84/269] Building C object CMakeFiles/aom_dsp_encoder.dir/aom_dsp/noise_util.c.o
[85/269] Building C object CMakeFiles/aom_dsp_encoder.dir/aom_dsp/noise_model.c.o
[86/269] Building C object CMakeFiles/aom_dsp_encoder.dir/aom_dsp/subtract.c.o
[87/269] Building CXX object CMakeFiles/aom_av1_rc.dir/av1/ratectrl_rtc.cc.o
[88/269] Building C object CMakeFiles/aom_dsp_encoder.dir/aom_dsp/quantize.c.o
[89/269] Building C object CMakeFiles/aom_dsp_encoder.dir/aom_dsp/sse.c.o
[90/269] Building C object CMakeFiles/aom_dsp_encoder.dir/aom_dsp/psnr.c.o
[91/269] Building C object CMakeFiles/aom_dsp_encoder.dir/aom_dsp/ssim.c.o
[92/269] Building C object CMakeFiles/aom_dsp_encoder.dir/aom_dsp/sum_squares.c.o
[93/269] Building C object CMakeFiles/aom_dsp_encoder.dir/aom_dsp/flow_estimation/flow_estimation.c.o
[94/269] Building C object CMakeFiles/aom_dsp_encoder.dir/aom_dsp/flow_estimation/corner_detect.c.o
[95/269] Building C object CMakeFiles/aom_dsp_common.dir/aom_dsp/intrapred.c.o
[96/269] Building C object CMakeFiles/aom_dsp_encoder.dir/aom_dsp/flow_estimation/corner_match.c.o
[97/269] Building C object CMakeFiles/aom_mem.dir/aom_mem/aom_mem.c.o
[98/269] Building C object CMakeFiles/aom_dsp_encoder.dir/aom_dsp/flow_estimation/ransac.c.o
[99/269] Building C object CMakeFiles/aom_av1_common.dir/common/args_helper.c.o
[100/269] Building C object CMakeFiles/aom_dsp_encoder.dir/aom_dsp/pyramid.c.o
[101/269] Building C object CMakeFiles/aom_av1_common.dir/av1/arg_defs.c.o
[102/269] Building C object CMakeFiles/aom_dsp_encoder.dir/aom_dsp/sad_av1.c.o
[103/269] Building C object CMakeFiles/aom_dsp_encoder.dir/aom_dsp/flow_estimation/disflow.c.o
[104/269] Building C object CMakeFiles/aom_util.dir/aom_util/aom_thread.c.o
[105/269] Building C object CMakeFiles/aom_dsp_encoder.dir/aom_dsp/fastssim.c.o
[106/269] Building C object CMakeFiles/aom_dsp_encoder.dir/aom_dsp/psnrhvs.c.o
[107/269] Building C object CMakeFiles/aom_scale.dir/aom_scale/generic/yv12extend.c.o
[108/269] Building C object CMakeFiles/aom_scale.dir/aom_scale/generic/yv12config.c.o
[109/269] Building C object CMakeFiles/aom_dsp_encoder.dir/aom_dsp/sad.c.o
[110/269] Building C object CMakeFiles/aom_av1_common.dir/av1/common/common_data.c.o
[111/269] Building C object CMakeFiles/aom_av1_common.dir/av1/common/av1_txfm.c.o
[112/269] Building C object CMakeFiles/aom_av1_common.dir/av1/common/av1_inv_txfm2d.c.o
[113/269] Building C object CMakeFiles/aom_av1_common.dir/av1/common/alloccommon.c.o
[114/269] Building C object CMakeFiles/aom_av1_common.dir/av1/common/blockd.c.o
[115/269] Building C object CMakeFiles/aom_av1_common.dir/av1/common/cdef_block.c.o
[116/269] Building C object CMakeFiles/aom_av1_common.dir/av1/common/cdef.c.o
[117/269] Building C object CMakeFiles/aom_av1_common.dir/av1/common/frame_buffers.c.o
[118/269] Building C object CMakeFiles/aom_av1_common.dir/av1/common/av1_loopfilter.c.o
[119/269] Building C object CMakeFiles/aom_av1_common.dir/av1/common/debugmodes.c.o
[120/269] Building C object CMakeFiles/aom_av1_common.dir/av1/common/obu_util.c.o
[121/269] Building C object CMakeFiles/aom_av1_common.dir/av1/common/convolve.c.o
[122/269] Building C object CMakeFiles/aom_av1_common.dir/av1/common/entropymv.c.o
[123/269] Building C object CMakeFiles/aom_av1_common.dir/av1/common/entropymode.c.o
[124/269] Building C object CMakeFiles/aom_av1_common.dir/av1/common/cfl.c.o
[125/269] Building C object CMakeFiles/aom_av1_common.dir/av1/common/entropy.c.o
[126/269] Building C object CMakeFiles/aom_av1_common.dir/av1/common/idct.c.o
[127/269] Building C object CMakeFiles/aom_av1_common.dir/av1/common/av1_inv_txfm1d.c.o
[128/269] Building C object CMakeFiles/aom_av1_common.dir/av1/common/pred_common.c.o
[129/269] Building C object CMakeFiles/aom_av1_common.dir/av1/common/quant_common.c.o
[130/269] Building C object CMakeFiles/aom_av1_common.dir/av1/common/scale.c.o
[131/269] Building C object CMakeFiles/aom_av1_common.dir/av1/common/mvref_common.c.o
[132/269] Building C object CMakeFiles/aom_av1_common.dir/av1/common/scan.c.o
[133/269] Building C object CMakeFiles/aom_av1_common.dir/av1/common/timing.c.o
[134/269] Building C object CMakeFiles/aom_av1_common.dir/av1/common/reconinter.c.o
[135/269] Building C object CMakeFiles/aom_av1_common.dir/av1/common/seg_common.c.o
[136/269] Building C object CMakeFiles/aom_av1_common.dir/av1/common/resize.c.o
[137/269] Building C object CMakeFiles/aom_av1_common.dir/av1/common/restoration.c.o
[138/269] Building C object CMakeFiles/aom_av1_common.dir/av1/common/reconintra.c.o
[139/269] Building C object CMakeFiles/aom_av1_common.dir/av1/common/tile_common.c.o
[140/269] Building C object CMakeFiles/aom_av1_common.dir/av1/common/thread_common.c.o
[141/269] Building C object CMakeFiles/aom_av1_common.dir/av1/common/txb_common.c.o
[142/269] Building C object CMakeFiles/aom_av1_common.dir/av1/common/warped_motion.c.o
[143/269] Building C object CMakeFiles/aom_av1_decoder.dir/av1/decoder/grain_synthesis.c.o
[144/269] Building C object CMakeFiles/aom_av1_decoder.dir/av1/decoder/decoder.c.o
[145/269] Building C object CMakeFiles/aom_av1_decoder.dir/av1/decoder/detokenize.c.o
[146/269] Building C object CMakeFiles/aom_av1_decoder.dir/av1/av1_dx_iface.c.o
[147/269] Building C object CMakeFiles/aom_dsp_encoder.dir/aom_dsp/variance.c.o
[148/269] Building C object CMakeFiles/aom_av1_decoder.dir/av1/decoder/decodetxb.c.o
[149/269] Building C object CMakeFiles/aom_av1_decoder.dir/av1/decoder/obu.c.o
[150/269] Building C object CMakeFiles/aom_av1_decoder.dir/av1/decoder/decodemv.c.o
[151/269] Building C object CMakeFiles/aom_av1_encoder.dir/av1/encoder/aq_complexity.c.o
[152/269] Building C object CMakeFiles/aom_av1_encoder.dir/av1/encoder/av1_fwd_txfm2d.c.o
[153/269] Building C object CMakeFiles/aom_av1_encoder.dir/av1/encoder/aq_cyclicrefresh.c.o
[154/269] Building C object CMakeFiles/aom_av1_encoder.dir/av1/encoder/aq_variance.c.o
[155/269] Building C object CMakeFiles/aom_av1_encoder.dir/av1/encoder/av1_fwd_txfm1d.c.o
[156/269] Building C object CMakeFiles/aom_av1_encoder.dir/av1/encoder/cost.c.o
[157/269] Building C object CMakeFiles/aom_av1_encoder.dir/av1/encoder/av1_quantize.c.o
[158/269] Building C object CMakeFiles/aom_av1_decoder.dir/av1/decoder/decodeframe.c.o
[159/269] Building C object CMakeFiles/aom_av1_encoder.dir/av1/encoder/allintra_vis.c.o
[160/269] Building C object CMakeFiles/aom_av1_encoder.dir/av1/encoder/cnn.c.o
[161/269] Building C object CMakeFiles/aom_av1_encoder.dir/av1/encoder/context_tree.c.o
[162/269] Building C object CMakeFiles/aom_av1_encoder.dir/av1/av1_cx_iface.c.o
[163/269] Building C object CMakeFiles/aom_av1_encoder.dir/av1/encoder/compound_type.c.o
[164/269] Building C object CMakeFiles/aom_av1_encoder.dir/av1/encoder/extend.c.o
[165/269] Building C object CMakeFiles/aom_av1_encoder.dir/av1/encoder/encodemv.c.o
[166/269] Building C object CMakeFiles/aom_av1_encoder.dir/av1/encoder/external_partition.c.o
[167/269] Building C object CMakeFiles/aom_av1_encoder.dir/av1/encoder/encodemb.c.o
[168/269] Building C object CMakeFiles/aom_av1_encoder.dir/av1/encoder/bitstream.c.o
[169/269] Building C object CMakeFiles/aom_av1_encoder.dir/av1/encoder/encode_strategy.c.o
[170/269] Building C object CMakeFiles/aom_av1_encoder.dir/av1/encoder/encodeframe.c.o
[171/269] Building C object CMakeFiles/aom_av1_encoder.dir/av1/encoder/encoder_utils.c.o
[172/269] Building C object CMakeFiles/aom_av1_encoder.dir/av1/encoder/encodeframe_utils.c.o
[173/269] Building C object CMakeFiles/aom_av1_encoder.dir/av1/encoder/encodetxb.c.o
[174/269] Building C object CMakeFiles/aom_av1_encoder.dir/av1/encoder/hash.c.o
[175/269] Building C object CMakeFiles/aom_av1_encoder.dir/av1/encoder/global_motion.c.o
[176/269] Building C object CMakeFiles/aom_av1_encoder.dir/av1/encoder/global_motion_facade.c.o
[177/269] Building C object CMakeFiles/aom_av1_encoder.dir/av1/encoder/hybrid_fwd_txfm.c.o
[178/269] Building C object CMakeFiles/aom_av1_encoder.dir/av1/encoder/ethread.c.o
[179/269] Building C object CMakeFiles/aom_av1_encoder.dir/av1/encoder/firstpass.c.o
[180/269] Building C object CMakeFiles/aom_av1_encoder.dir/av1/encoder/gop_structure.c.o
[181/269] Building C object CMakeFiles/aom_av1_encoder.dir/av1/encoder/hash_motion.c.o
[182/269] Building C object CMakeFiles/aom_av1_encoder.dir/av1/encoder/lookahead.c.o
[183/269] Building C object CMakeFiles/aom_av1_encoder.dir/av1/encoder/level.c.o
[184/269] Building C object CMakeFiles/aom_av1_encoder.dir/av1/encoder/interp_search.c.o
[185/269] Building C object CMakeFiles/aom_av1_encoder.dir/av1/encoder/ml.c.o
[186/269] Building C object CMakeFiles/aom_av1_encoder.dir/av1/encoder/encoder.c.o
[187/269] Building C object CMakeFiles/aom_av1_encoder.dir/av1/encoder/mv_prec.c.o
[188/269] Building C object CMakeFiles/aom_av1_encoder.dir/av1/encoder/motion_search_facade.c.o
[189/269] Building C object CMakeFiles/aom_av1_encoder.dir/av1/encoder/palette.c.o
[190/269] Building C object CMakeFiles/aom_av1_encoder.dir/av1/encoder/picklpf.c.o
[191/269] Building C object CMakeFiles/aom_av1_encoder.dir/av1/encoder/pickcdef.c.o
[192/269] Building C object CMakeFiles/aom_av1_encoder.dir/av1/encoder/partition_strategy.c.o
[193/269] Building C object CMakeFiles/aom_av1_encoder.dir/av1/encoder/pass2_strategy.c.o
[194/269] Building C object CMakeFiles/aom_av1_encoder.dir/av1/encoder/pickrst.c.o
[195/269] Building C object CMakeFiles/aom_av1_encoder.dir/av1/encoder/ratectrl.c.o
[196/269] Building C object CMakeFiles/aom_av1_encoder.dir/av1/encoder/rd.c.o
[197/269] Building C object CMakeFiles/aom_av1_encoder.dir/av1/encoder/mcomp.c.o
[198/269] Building C object CMakeFiles/aom_av1_encoder.dir/av1/encoder/partition_search.c.o
[199/269] Building C object CMakeFiles/aom_av1_encoder.dir/av1/encoder/reconinter_enc.c.o
[200/269] Building C object CMakeFiles/aom_av1_encoder.dir/av1/encoder/segmentation.c.o
[201/269] Building C object CMakeFiles/aom_av1_encoder.dir/av1/encoder/nonrd_opt.c.o
[202/269] Building C object CMakeFiles/aom_av1_encoder.dir/av1/encoder/thirdpass.c.o
[203/269] Building C object CMakeFiles/aom_av1_encoder.dir/av1/encoder/speed_features.c.o
[204/269] Building C object CMakeFiles/aom_av1_encoder.dir/av1/encoder/superres_scale.c.o
[205/269] Building C object CMakeFiles/aom_av1_encoder.dir/av1/encoder/svc_layercontext.c.o
[206/269] Building C object CMakeFiles/aom_av1_encoder.dir/av1/encoder/nonrd_pickmode.c.o
[207/269] Building C object CMakeFiles/aom_av1_encoder.dir/av1/encoder/tokenize.c.o
[208/269] Building C object CMakeFiles/aom_av1_encoder.dir/third_party/fastfeat/fast.c.o
[209/269] Building C object CMakeFiles/aom_av1_encoder.dir/third_party/fastfeat/nonmax.c.o
[210/269] Building C object CMakeFiles/aom_av1_encoder.dir/av1/encoder/temporal_filter.c.o
[211/269] Building C object CMakeFiles/aom_av1_encoder.dir/third_party/vector/vector.c.o
[212/269] Building C object CMakeFiles/aom_av1_encoder.dir/av1/encoder/wedge_utils.c.o
[213/269] Building C object CMakeFiles/aom_av1_encoder.dir/av1/encoder/blockiness.c.o
[214/269] Building C object CMakeFiles/aom_av1_encoder.dir/av1/encoder/rdopt.c.o
[215/269] Building C object CMakeFiles/aom_decoder_app_util.dir/common/obudec.c.o
[216/269] Building C object CMakeFiles/aom_decoder_app_util.dir/common/video_reader.c.o
[217/269] Building C object CMakeFiles/aom_av1_encoder.dir/av1/encoder/txb_rdopt.c.o
[218/269] Building C object CMakeFiles/aom_av1_encoder.dir/av1/encoder/av1_noise_estimate.c.o
[219/269] Building C object CMakeFiles/aom_av1_encoder.dir/av1/encoder/dwt.c.o
[220/269] Building C object CMakeFiles/aom_av1_encoder.dir/av1/encoder/intra_mode_search.c.o
[221/269] Building C object CMakeFiles/aom_av1_encoder.dir/av1/encoder/tpl_model.c.o
[222/269] Building CXX object CMakeFiles/aom_decoder_app_util.dir/common/webmdec.cc.o
[223/269] Building C object CMakeFiles/decode_to_md5.dir/examples/decode_to_md5.c.o
[224/269] Building C object CMakeFiles/decode_with_drops.dir/examples/decode_with_drops.c.o
[225/269] Building C object CMakeFiles/simple_decoder.dir/examples/simple_decoder.c.o
[226/269] Building C object CMakeFiles/scalable_decoder.dir/examples/scalable_decoder.c.o
[227/269] Building C object CMakeFiles/lossless_encoder.dir/examples/lossless_encoder.c.o
[228/269] Building C object CMakeFiles/set_maps.dir/examples/set_maps.c.o
[229/269] Building C object CMakeFiles/simple_encoder.dir/examples/simple_encoder.c.o
[230/269] Building C object CMakeFiles/aomdec.dir/apps/aomdec.c.o
[231/269] Building C object CMakeFiles/aom_av1_encoder.dir/av1/encoder/tx_search.c.o
[232/269] Building C object CMakeFiles/aom_av1_encoder.dir/av1/encoder/var_based_part.c.o
[233/269] Building C object CMakeFiles/twopass_encoder.dir/examples/twopass_encoder.c.o
[234/269] Building C object CMakeFiles/scalable_encoder.dir/examples/scalable_encoder.c.o
[235/269] Building C object CMakeFiles/photon_noise_table.dir/examples/photon_noise_table.c.o
[236/269] Linking C static library libaom_pc.a
[237/269] Building C object CMakeFiles/noise_model.dir/examples/noise_model.c.o
[238/269] Building C object CMakeFiles/aom_cx_set_ref.dir/examples/aom_cx_set_ref.c.o
[239/269] Building C object CMakeFiles/lightfield_tile_list_decoder.dir/examples/lightfield_tile_list_decoder.c.o
[240/269] Building C object CMakeFiles/aomenc.dir/apps/aomenc.c.o
[241/269] Building C object CMakeFiles/lightfield_decoder.dir/examples/lightfield_decoder.c.o
[242/269] Building C object CMakeFiles/lightfield_bitstream_parsing.dir/examples/lightfield_bitstream_parsing.c.o
[243/269] Building CXX object CMakeFiles/dump_obu.dir/tools/obu_parser.cc.o
[244/269] Building CXX object CMakeFiles/dump_obu.dir/tools/dump_obu.cc.o
[245/269] Building CXX object CMakeFiles/svc_encoder_rtc.dir/examples/svc_encoder_rtc.cc.o
[246/269] Building C object CMakeFiles/lightfield_encoder.dir/examples/lightfield_encoder.c.o
[247/269] Building C object CMakeFiles/aom_av1_encoder.dir/third_party/fastfeat/fast_9.c.o
[248/269] Linking C static library libaom.a
[249/269] Linking CXX static library libaom_av1_rc.a
[250/269] Linking CXX executable decode_with_drops
[251/269] Linking CXX executable aomdec
[252/269] Linking CXX executable simple_encoder
[253/269] Linking CXX executable simple_decoder
[254/269] Linking CXX executable twopass_encoder
[255/269] Linking CXX executable lossless_encoder
[256/269] Linking CXX executable aomenc
[257/269] Linking CXX executable set_maps
[258/269] Linking CXX executable scalable_decoder
[259/269] Linking CXX executable decode_to_md5
[260/269] Linking CXX executable noise_model
[261/269] Linking CXX executable photon_noise_table
[262/269] Linking CXX executable lightfield_encoder
[263/269] Linking CXX executable lightfield_bitstream_parsing
[264/269] Linking CXX executable lightfield_decoder
[265/269] Linking CXX executable dump_obu
[266/269] Linking CXX executable svc_encoder_rtc
[267/269] Linking CXX executable scalable_encoder
[268/269] Linking CXX executable lightfield_tile_list_decoder
[269/269] Linking CXX executable aom_cx_set_ref
